[backblue.gif]
[fade.gif]
[index.html]
[www.bg87.com/images/favicon.ico]
[www.bg87.com/js/jquery-1.4.2.min.js]
[www.bg87.com/js/slideShowNews.js]
[www.bg87.com/js/slideShowProduct.js]
[www.bg87.com/js/slideShowMatchTrip.js]
[www.bg87.com/js/slideShowStuffArrival.js]
[www.bg87.com/js/slideShowPerm.js]
[www.bg87.com/js/jquery.lightbox-0.5.js]
[www.bg87.com/js/thickbox.js]
[www.bg87.com/js/load_lightbox.js]
[www.bg87.com/js/load_show_youtube.js]
[www.bg87.com/iiwi960gsPlugin/js/jquery.960grid-1.0.js]
[www.bg87.com/iiwi960gsPlugin/js/load960grid16.js]
[www.bg87.com/images/design/background_top.png]
[www.bg87.com/images/design/lion.png]
[www.bg87.com/images/design/bande-lion.png]
[www.bg87.com/images/design/logoBG.png]
[www.bg87.com/images/design/sympat.png]
[www.bg87.com/images/design/lostCard.png]
[www.bg87.com/images/design/contact-us.png]
[www.bg87.com/images/design/logo_facebook.png]
[www.bg87.com/images/design/logo_x.png]
[www.bg87.com/medias/show/1609.png]
[www.bg87.com/medias/show/1623.png]
[www.bg87.com/images/design/pdf.png]
[www.bg87.com/images/randomFooter/footer_logo3.png]
[www.bg87.com/images/randomFooter/footer_logo6.png]
[www.bg87.com/index.html]
[www.bg87.com/iiwi960gsPlugin/css/reset.css]
[www.bg87.com/iiwi960gsPlugin/css/960.css]
[www.bg87.com/iiwi960gsPlugin/css/text.css]
[www.bg87.com/images/design/texture_background.jpg]
[www.bg87.com/images/design/header.png]
[www.bg87.com/images/design/header2.png]
[www.bg87.com/images/design/menu_background.png]
[www.bg87.com/images/design/background_content2.png]
[www.bg87.com/images/design/footer2.png]
[www.bg87.com/images/design/footer_left.png]
[www.bg87.com/images/design/footer_right.png]
[www.bg87.com/images/design/footer_center.png]
[www.bg87.com/images/design/background_button.png]
[www.bg87.com/images/design/menu_button_hover.png]
[www.bg87.com/images/design/bg_title.png]
[www.bg87.com/images/design/all_videos.png]
[www.bg87.com/images/design/all_photos.png]
[www.bg87.com/images/design/inscription_accueil.png]
[www.bg87.com/images/design/inscription_complet.png]
[www.bg87.com/images/design/inscriptions_interrompues.png]
[www.bg87.com/images/design/inscription_ancien.png]
[www.bg87.com/images/design/inscription_nouvel.png]
[www.bg87.com/images/design/inscription_inferieur.png]
[www.bg87.com/images/design/inscription_intermediaire.png]
[www.bg87.com/images/design/inscription_carte_don.png]
[www.bg87.com/images/design/inscription_carte_sans_don.png]
[www.bg87.com/images/design/inscription_paiement_bank.png]
[www.bg87.com/images/design/inscription_mail.png]
[www.bg87.com/images/design/inscription_paiement_ligne.png]
[www.bg87.com/images/design/inscription_paiement_perm.png]
[www.bg87.com/images/design/recap_inscription.png]
[www.bg87.com/images/design/recap_preinscription.png]
[www.bg87.com/images/design/symp_envoi.png]
[www.bg87.com/images/design/symp_sans_envoi.png]
[www.bg87.com/css/frontend1448.css]
[www.bg87.com/images/slideShow/control_left.png]
[www.bg87.com/images/slideShow/control_left_hover.png]
[www.bg87.com/images/slideShow/control_right.png]
[www.bg87.com/images/slideShow/control_right_hover.png]
[www.bg87.com/images/slideShow/pause_slider.png]
[www.bg87.com/images/slideShow/pause_slider_hover.png]
[www.bg87.com/images/slideShow/play_slider.png]
[www.bg87.com/images/slideShow/play_slider_hover.png]
[www.bg87.com/css/slideShowNews.css]
[www.bg87.com/css/slideShowProduct.css]
[www.bg87.com/css/slideShowMatchTrip.css]
[www.bg87.com/css/slideShowStuffArrival.css]
[www.bg87.com/css/slideShowPerm.css]
[www.bg87.com/css/jquery.lightbox-0.5.css]
[www.bg87.com/css/thickbox.css]
[www.bg87.com/images/randomFooter/footer_logo5.png]
[www.bg87.com/images/randomFooter/footer_logo7.png]
[www.bg87.com/demande-password.html]
[www.bg87.com/images/randomFooter/footer_logo4.png]
[www.bg87.com/demande-pseudo.html]
[www.bg87.com/images/randomFooter/footer_logo1.png]
[www.bg87.com/historique.html]
[www.bg87.com/sfDoctrinePlugin/images/asc.png]
[www.bg87.com/medias/show/1635.png]
[www.bg87.com/medias/show/1608.png]
[www.bg87.com/medias/show/1614.png]
[www.bg87.com/medias/show/1605.png]
[www.bg87.com/medias/show/1615.png]
[www.bg87.com/medias/show/1638.png]
[www.bg87.com/medias/show/1603.png]
[www.bg87.com/medias/show/6.png]
[www.bg87.com/medias/show/20.png]
[www.bg87.com/medias/show/1637.png]
[www.bg87.com/medias/show/1639.png]
[www.bg87.com/medias/show/1613.png]
[www.bg87.com/medias/show/1808.png]
[www.bg87.com/calendrier.html]
[www.bg87.com/stand.html]
[www.bg87.com/forums.html]
[www.bg87.com/symp/info.html]
[www.bg87.com/images/randomFooter/footer_logo2.png]
[www.bg87.com/card-lost/info.html]
[www.bg87.com/js/contact.js]
[www.bg87.com/contact.html]
[www.bg87.com/medias/show/file/1/tuto_carte_perdue.pdf]
[www.bg87.com/medias/show/file/1/tuto_nouvel_adh.pdf]
[www.bg87.com/medias/show/file/1/tuto_ancien_adh.pdf]
[www.bg87.com/medias/show/file/1/reglement_kvn.pdf]
[www.bg87.com/docs.html]
[www.bg87.com/css/macFFBgHack.html]
[www.bg87.com/calendrier/filter/action9f73.html]
[www.bg87.com/calendrier3f9c.html]
[www.bg87.com/sfDoctrinePlugin/images/desc.png]
[www.bg87.com/calendrier454c.html]
[www.bg87.com/calendriere62a.html]
[www.bg87.com/calendrierc2d7.html]
